=== RUN 3 START 03:29:57 ===
Runtime error encountered: EPERM, Permission denied: \\?\C:\Users\jun-m\AppData\Local\Temp\lighthouse.45772714 '\\?\C:\Users\jun-m\AppData\Local\Temp\lighthouse.45772714'
Error: EPERM, Permission denied: \\?\C:\Users\jun-m\AppData\Local\Temp\lighthouse.45772714 '\\?\C:\Users\jun-m\AppData\Local\Temp\lighthouse.45772714'
    at rmSync (node:fs:1221:18)
    at Launcher.destroyTmp (file:///C:/Users/jun-m/AppData/Local/npm-cache/_npx/0f94ee7615faf582/node_modules/chrome-launcher/dist/chrome-launcher.js:367:9)
    at Launcher.kill (file:///C:/Users/jun-m/AppData/Local/npm-cache/_npx/0f94ee7615faf582/node_modules/chrome-launcher/dist/chrome-launcher.js:349:14)
    at Object.kill (file:///C:/Users/jun-m/AppData/Local/npm-cache/_npx/0f94ee7615faf582/node_modules/chrome-launcher/dist/chrome-launcher.js:39:18)
    at runLighthouse (file:///C:/Users/jun-m/AppData/Local/npm-cache/_npx/0f94ee7615faf582/node_modules/lighthouse/cli/run.js:217:21)
    at async file:///C:/Users/jun-m/AppData/Local/npm-cache/_npx/0f94ee7615faf582/node_modules/lighthouse/cli/index.js:10:1
[03:30:12] OK home 592992B 15s
Runtime error encountered: EPERM, Permission denied: \\?\C:\Users\jun-m\AppData\Local\Temp\lighthouse.72315756 '\\?\C:\Users\jun-m\AppData\Local\Temp\lighthouse.72315756'
Error: EPERM, Permission denied: \\?\C:\Users\jun-m\AppData\Local\Temp\lighthouse.72315756 '\\?\C:\Users\jun-m\AppData\Local\Temp\lighthouse.72315756'
    at rmSync (node:fs:1221:18)
    at Launcher.destroyTmp (file:///C:/Users/jun-m/AppData/Local/npm-cache/_npx/0f94ee7615faf582/node_modules/chrome-launcher/dist/chrome-launcher.js:367:9)
    at Launcher.kill (file:///C:/Users/jun-m/AppData/Local/npm-cache/_npx/0f94ee7615faf582/node_modules/chrome-launcher/dist/chrome-launcher.js:349:14)
    at Object.kill (file:///C:/Users/jun-m/AppData/Local/npm-cache/_npx/0f94ee7615faf582/node_modules/chrome-launcher/dist/chrome-launcher.js:39:18)
    at runLighthouse (file:///C:/Users/jun-m/AppData/Local/npm-cache/_npx/0f94ee7615faf582/node_modules/lighthouse/cli/run.js:217:21)
    at async file:///C:/Users/jun-m/AppData/Local/npm-cache/_npx/0f94ee7615faf582/node_modules/lighthouse/cli/index.js:10:1
[03:30:23] OK team 644964B 11s
Runtime error encountered: EPERM, Permission denied: \\?\C:\Users\jun-m\AppData\Local\Temp\lighthouse.61912578 '\\?\C:\Users\jun-m\AppData\Local\Temp\lighthouse.61912578'
Error: EPERM, Permission denied: \\?\C:\Users\jun-m\AppData\Local\Temp\lighthouse.61912578 '\\?\C:\Users\jun-m\AppData\Local\Temp\lighthouse.61912578'
    at rmSync (node:fs:1221:18)
    at Launcher.destroyTmp (file:///C:/Users/jun-m/AppData/Local/npm-cache/_npx/0f94ee7615faf582/node_modules/chrome-launcher/dist/chrome-launcher.js:367:9)
    at Launcher.kill (file:///C:/Users/jun-m/AppData/Local/npm-cache/_npx/0f94ee7615faf582/node_modules/chrome-launcher/dist/chrome-launcher.js:349:14)
    at Object.kill (file:///C:/Users/jun-m/AppData/Local/npm-cache/_npx/0f94ee7615faf582/node_modules/chrome-launcher/dist/chrome-launcher.js:39:18)
    at runLighthouse (file:///C:/Users/jun-m/AppData/Local/npm-cache/_npx/0f94ee7615faf582/node_modules/lighthouse/cli/run.js:217:21)
    at async file:///C:/Users/jun-m/AppData/Local/npm-cache/_npx/0f94ee7615faf582/node_modules/lighthouse/cli/index.js:10:1
[03:30:34] OK news 628013B 11s
Runtime error encountered: EPERM, Permission denied: \\?\C:\Users\jun-m\AppData\Local\Temp\lighthouse.33226451 '\\?\C:\Users\jun-m\AppData\Local\Temp\lighthouse.33226451'
Error: EPERM, Permission denied: \\?\C:\Users\jun-m\AppData\Local\Temp\lighthouse.33226451 '\\?\C:\Users\jun-m\AppData\Local\Temp\lighthouse.33226451'
    at rmSync (node:fs:1221:18)
    at Launcher.destroyTmp (file:///C:/Users/jun-m/AppData/Local/npm-cache/_npx/0f94ee7615faf582/node_modules/chrome-launcher/dist/chrome-launcher.js:367:9)
    at Launcher.kill (file:///C:/Users/jun-m/AppData/Local/npm-cache/_npx/0f94ee7615faf582/node_modules/chrome-launcher/dist/chrome-launcher.js:349:14)
    at Object.kill (file:///C:/Users/jun-m/AppData/Local/npm-cache/_npx/0f94ee7615faf582/node_modules/chrome-launcher/dist/chrome-launcher.js:39:18)
    at runLighthouse (file:///C:/Users/jun-m/AppData/Local/npm-cache/_npx/0f94ee7615faf582/node_modules/lighthouse/cli/run.js:217:21)
    at async file:///C:/Users/jun-m/AppData/Local/npm-cache/_npx/0f94ee7615faf582/node_modules/lighthouse/cli/index.js:10:1
[03:30:46] OK privacy 496876B 12s
https://cdn.jsdelivr.net/npm/chart.js@4.4.0/dist/chart.umd.js.map mapping for column out of bounds: 7:442
[03:31:04] OK activist-dashboard 1181165B 18s
Runtime error encountered: EPERM, Permission denied: \\?\C:\Users\jun-m\AppData\Local\Temp\lighthouse.83677249 '\\?\C:\Users\jun-m\AppData\Local\Temp\lighthouse.83677249'
Error: EPERM, Permission denied: \\?\C:\Users\jun-m\AppData\Local\Temp\lighthouse.83677249 '\\?\C:\Users\jun-m\AppData\Local\Temp\lighthouse.83677249'
    at rmSync (node:fs:1221:18)
    at Launcher.destroyTmp (file:///C:/Users/jun-m/AppData/Local/npm-cache/_npx/0f94ee7615faf582/node_modules/chrome-launcher/dist/chrome-launcher.js:367:9)
    at Launcher.kill (file:///C:/Users/jun-m/AppData/Local/npm-cache/_npx/0f94ee7615faf582/node_modules/chrome-launcher/dist/chrome-launcher.js:349:14)
    at Object.kill (file:///C:/Users/jun-m/AppData/Local/npm-cache/_npx/0f94ee7615faf582/node_modules/chrome-launcher/dist/chrome-launcher.js:39:18)
    at runLighthouse (file:///C:/Users/jun-m/AppData/Local/npm-cache/_npx/0f94ee7615faf582/node_modules/lighthouse/cli/run.js:217:21)
    at async file:///C:/Users/jun-m/AppData/Local/npm-cache/_npx/0f94ee7615faf582/node_modules/lighthouse/cli/index.js:10:1
[03:31:15] OK risk-assessment 679800B 11s
Runtime error encountered: EPERM, Permission denied: \\?\C:\Users\jun-m\AppData\Local\Temp\lighthouse.80766018 '\\?\C:\Users\jun-m\AppData\Local\Temp\lighthouse.80766018'
Error: EPERM, Permission denied: \\?\C:\Users\jun-m\AppData\Local\Temp\lighthouse.80766018 '\\?\C:\Users\jun-m\AppData\Local\Temp\lighthouse.80766018'
    at rmSync (node:fs:1221:18)
    at Launcher.destroyTmp (file:///C:/Users/jun-m/AppData/Local/npm-cache/_npx/0f94ee7615faf582/node_modules/chrome-launcher/dist/chrome-launcher.js:367:9)
    at Launcher.kill (file:///C:/Users/jun-m/AppData/Local/npm-cache/_npx/0f94ee7615faf582/node_modules/chrome-launcher/dist/chrome-launcher.js:349:14)
    at Object.kill (file:///C:/Users/jun-m/AppData/Local/npm-cache/_npx/0f94ee7615faf582/node_modules/chrome-launcher/dist/chrome-launcher.js:39:18)
    at runLighthouse (file:///C:/Users/jun-m/AppData/Local/npm-cache/_npx/0f94ee7615faf582/node_modules/lighthouse/cli/run.js:217:21)
    at async file:///C:/Users/jun-m/AppData/Local/npm-cache/_npx/0f94ee7615faf582/node_modules/lighthouse/cli/index.js:10:1
[03:31:28] OK activist-screener 778751B 13s
https://cdn.jsdelivr.net/npm/chart.js@4.4.7/dist/chart.umd.js.map mapping for column out of bounds: 7:442
Runtime error encountered: EPERM, Permission denied: \\?\C:\Users\jun-m\AppData\Local\Temp\lighthouse.44149741 '\\?\C:\Users\jun-m\AppData\Local\Temp\lighthouse.44149741'
Error: EPERM, Permission denied: \\?\C:\Users\jun-m\AppData\Local\Temp\lighthouse.44149741 '\\?\C:\Users\jun-m\AppData\Local\Temp\lighthouse.44149741'
    at rmSync (node:fs:1221:18)
    at Launcher.destroyTmp (file:///C:/Users/jun-m/AppData/Local/npm-cache/_npx/0f94ee7615faf582/node_modules/chrome-launcher/dist/chrome-launcher.js:367:9)
    at Launcher.kill (file:///C:/Users/jun-m/AppData/Local/npm-cache/_npx/0f94ee7615faf582/node_modules/chrome-launcher/dist/chrome-launcher.js:349:14)
    at Object.kill (file:///C:/Users/jun-m/AppData/Local/npm-cache/_npx/0f94ee7615faf582/node_modules/chrome-launcher/dist/chrome-launcher.js:39:18)
    at runLighthouse (file:///C:/Users/jun-m/AppData/Local/npm-cache/_npx/0f94ee7615faf582/node_modules/lighthouse/cli/run.js:217:21)
    at async file:///C:/Users/jun-m/AppData/Local/npm-cache/_npx/0f94ee7615faf582/node_modules/lighthouse/cli/index.js:10:1
[03:31:41] OK food-service 650494B 13s
https://cdn.jsdelivr.net/npm/chart.js@4.4.7/dist/chart.umd.js.map mapping for column out of bounds: 7:442
Runtime error encountered: EPERM, Permission denied: \\?\C:\Users\jun-m\AppData\Local\Temp\lighthouse.60838996 '\\?\C:\Users\jun-m\AppData\Local\Temp\lighthouse.60838996'
Error: EPERM, Permission denied: \\?\C:\Users\jun-m\AppData\Local\Temp\lighthouse.60838996 '\\?\C:\Users\jun-m\AppData\Local\Temp\lighthouse.60838996'
    at rmSync (node:fs:1221:18)
    at Launcher.destroyTmp (file:///C:/Users/jun-m/AppData/Local/npm-cache/_npx/0f94ee7615faf582/node_modules/chrome-launcher/dist/chrome-launcher.js:367:9)
    at Launcher.kill (file:///C:/Users/jun-m/AppData/Local/npm-cache/_npx/0f94ee7615faf582/node_modules/chrome-launcher/dist/chrome-launcher.js:349:14)
    at Object.kill (file:///C:/Users/jun-m/AppData/Local/npm-cache/_npx/0f94ee7615faf582/node_modules/chrome-launcher/dist/chrome-launcher.js:39:18)
    at runLighthouse (file:///C:/Users/jun-m/AppData/Local/npm-cache/_npx/0f94ee7615faf582/node_modules/lighthouse/cli/run.js:217:21)
    at async file:///C:/Users/jun-m/AppData/Local/npm-cache/_npx/0f94ee7615faf582/node_modules/lighthouse/cli/index.js:10:1
[03:31:54] OK saas 684221B 13s
https://cdn.jsdelivr.net/npm/chart.js@4.4.7/dist/chart.umd.js.map mapping for column out of bounds: 7:442
Runtime error encountered: EPERM, Permission denied: \\?\C:\Users\jun-m\AppData\Local\Temp\lighthouse.94283883 '\\?\C:\Users\jun-m\AppData\Local\Temp\lighthouse.94283883'
Error: EPERM, Permission denied: \\?\C:\Users\jun-m\AppData\Local\Temp\lighthouse.94283883 '\\?\C:\Users\jun-m\AppData\Local\Temp\lighthouse.94283883'
    at rmSync (node:fs:1221:18)
    at Launcher.destroyTmp (file:///C:/Users/jun-m/AppData/Local/npm-cache/_npx/0f94ee7615faf582/node_modules/chrome-launcher/dist/chrome-launcher.js:367:9)
    at Launcher.kill (file:///C:/Users/jun-m/AppData/Local/npm-cache/_npx/0f94ee7615faf582/node_modules/chrome-launcher/dist/chrome-launcher.js:349:14)
    at Object.kill (file:///C:/Users/jun-m/AppData/Local/npm-cache/_npx/0f94ee7615faf582/node_modules/chrome-launcher/dist/chrome-launcher.js:39:18)
    at runLighthouse (file:///C:/Users/jun-m/AppData/Local/npm-cache/_npx/0f94ee7615faf582/node_modules/lighthouse/cli/run.js:217:21)
    at async file:///C:/Users/jun-m/AppData/Local/npm-cache/_npx/0f94ee7615faf582/node_modules/lighthouse/cli/index.js:10:1
[03:32:09] OK ad-agency 586101B 15s
https://cdn.jsdelivr.net/npm/chart.js@4.4.7/dist/chart.umd.js.map mapping for column out of bounds: 7:442
Runtime error encountered: EPERM, Permission denied: \\?\C:\Users\jun-m\AppData\Local\Temp\lighthouse.75750326 '\\?\C:\Users\jun-m\AppData\Local\Temp\lighthouse.75750326'
Error: EPERM, Permission denied: \\?\C:\Users\jun-m\AppData\Local\Temp\lighthouse.75750326 '\\?\C:\Users\jun-m\AppData\Local\Temp\lighthouse.75750326'
    at rmSync (node:fs:1221:18)
    at Launcher.destroyTmp (file:///C:/Users/jun-m/AppData/Local/npm-cache/_npx/0f94ee7615faf582/node_modules/chrome-launcher/dist/chrome-launcher.js:367:9)
    at Launcher.kill (file:///C:/Users/jun-m/AppData/Local/npm-cache/_npx/0f94ee7615faf582/node_modules/chrome-launcher/dist/chrome-launcher.js:349:14)
    at Object.kill (file:///C:/Users/jun-m/AppData/Local/npm-cache/_npx/0f94ee7615faf582/node_modules/chrome-launcher/dist/chrome-launcher.js:39:18)
    at runLighthouse (file:///C:/Users/jun-m/AppData/Local/npm-cache/_npx/0f94ee7615faf582/node_modules/lighthouse/cli/run.js:217:21)
    at async file:///C:/Users/jun-m/AppData/Local/npm-cache/_npx/0f94ee7615faf582/node_modules/lighthouse/cli/index.js:10:1
[03:32:22] OK digital-media 610735B 13s
https://cdn.jsdelivr.net/npm/chart.js@4.4.7/dist/chart.umd.js.map mapping for column out of bounds: 7:442
Runtime error encountered: EPERM, Permission denied: \\?\C:\Users\jun-m\AppData\Local\Temp\lighthouse.35933969 '\\?\C:\Users\jun-m\AppData\Local\Temp\lighthouse.35933969'
Error: EPERM, Permission denied: \\?\C:\Users\jun-m\AppData\Local\Temp\lighthouse.35933969 '\\?\C:\Users\jun-m\AppData\Local\Temp\lighthouse.35933969'
    at rmSync (node:fs:1221:18)
    at Launcher.destroyTmp (file:///C:/Users/jun-m/AppData/Local/npm-cache/_npx/0f94ee7615faf582/node_modules/chrome-launcher/dist/chrome-launcher.js:367:9)
    at Launcher.kill (file:///C:/Users/jun-m/AppData/Local/npm-cache/_npx/0f94ee7615faf582/node_modules/chrome-launcher/dist/chrome-launcher.js:349:14)
    at Object.kill (file:///C:/Users/jun-m/AppData/Local/npm-cache/_npx/0f94ee7615faf582/node_modules/chrome-launcher/dist/chrome-launcher.js:39:18)
    at runLighthouse (file:///C:/Users/jun-m/AppData/Local/npm-cache/_npx/0f94ee7615faf582/node_modules/lighthouse/cli/run.js:217:21)
    at async file:///C:/Users/jun-m/AppData/Local/npm-cache/_npx/0f94ee7615faf582/node_modules/lighthouse/cli/index.js:10:1
[03:32:36] OK entertainment-sector-dashboard 724810B 14s
Runtime error encountered: EPERM, Permission denied: \\?\C:\Users\jun-m\AppData\Local\Temp\lighthouse.89082019 '\\?\C:\Users\jun-m\AppData\Local\Temp\lighthouse.89082019'
Error: EPERM, Permission denied: \\?\C:\Users\jun-m\AppData\Local\Temp\lighthouse.89082019 '\\?\C:\Users\jun-m\AppData\Local\Temp\lighthouse.89082019'
    at rmSync (node:fs:1221:18)
    at Launcher.destroyTmp (file:///C:/Users/jun-m/AppData/Local/npm-cache/_npx/0f94ee7615faf582/node_modules/chrome-launcher/dist/chrome-launcher.js:367:9)
    at Launcher.kill (file:///C:/Users/jun-m/AppData/Local/npm-cache/_npx/0f94ee7615faf582/node_modules/chrome-launcher/dist/chrome-launcher.js:349:14)
    at Object.kill (file:///C:/Users/jun-m/AppData/Local/npm-cache/_npx/0f94ee7615faf582/node_modules/chrome-launcher/dist/chrome-launcher.js:39:18)
    at runLighthouse (file:///C:/Users/jun-m/AppData/Local/npm-cache/_npx/0f94ee7615faf582/node_modules/lighthouse/cli/run.js:217:21)
    at async file:///C:/Users/jun-m/AppData/Local/npm-cache/_npx/0f94ee7615faf582/node_modules/lighthouse/cli/index.js:10:1
[03:32:50] OK news-activist-shareholder-proposals-japan 1225203B 14s
=== RUN 3 END 03:32:50 ===
