Commit count: 89
[2026-05-07T07:06:05Z] Strategy pivot: home->saas (home doesn't discriminate per Step3F data; saas=86 vs main=57 with low variance)
Anchor BASE_421 = 86 (saas, from Step3F lh-base421-on-current-infra/lh-mobile-saas.json)
[2026-05-07T07:08:58Z] pushed main anchor branch, waiting 90s for Vercel preview...
MAIN preview URL: https://aoyama-nogizakapublic-kub8zj8pc-junmoriwaki0319-blips-projects.vercel.app
[2026-05-07T07:15:13Z] running LH on main saas...
[2026-05-07T07:23:44Z] LH main food-service...
[2026-05-07T07:23:58Z] LH main entertainment-sector-dashboard...
[2026-05-07T07:24:11Z] LH main digital-media...
[2026-05-07T07:24:26Z] LH main activist-dashboard...
[2026-05-07T07:24:46Z] LH main home...
[2026-05-07T07:26:48Z] running LH on PRODUCTION saas (aoyama-nogizaka.com)...
[2026-05-07T07:28:39Z] LH production home run 1...
[2026-05-07T07:28:54Z] LH production home run 2...
[2026-05-07T07:29:07Z] LH production home run 3...
[2026-05-07T07:46:42Z] LH main preview home (root) run 1...
[2026-05-07T07:46:56Z] LH main preview home (root) run 2...
[2026-05-07T07:47:11Z] LH main preview home (root) run 3...
[2026-05-07T07:48:19Z] LH BASE_421 saas re-run 1...
[2026-05-07T07:48:33Z] LH BASE_421 saas re-run 2...
[2026-05-07T07:48:47Z] LH BASE_421 saas re-run 3...
[2026-05-07T07:49:19Z] LH main saas re-run 1...
[2026-05-07T07:49:34Z] LH main saas re-run 2...
[2026-05-07T07:49:48Z] LH main saas re-run 3...
