OK   home_375 (848KB, 7794ms)
OK   team_375 (377KB, 3633ms)
OK   news_375 (1162KB, 3637ms)
OK   privacy_375 (348KB, 3086ms)
OK   activist-dashboard_375 (1927KB, 5845ms)
OK   risk-assessment_375 (668KB, 2880ms)
OK   activist-screener_375 (506KB, 3008ms)
OK   food-service_375 (468KB, 2957ms)
OK   saas_375 (332KB, 3095ms)
OK   ad-agency_375 (336KB, 3551ms)
OK   digital-media_375 (350KB, 2728ms)
OK   entertainment-sector-dashboard_375 (294KB, 2742ms)
OK   news-activist-shareholder-proposals-japan_375 (5040KB, 5477ms)
OK   home_414 (923KB, 4447ms)
OK   team_414 (398KB, 2819ms)
OK   news_414 (1178KB, 3131ms)
OK   privacy_414 (359KB, 2902ms)
OK   activist-dashboard_414 (1948KB, 4923ms)
OK   risk-assessment_414 (683KB, 2910ms)
OK   activist-screener_414 (500KB, 3170ms)
OK   food-service_414 (483KB, 2835ms)
OK   saas_414 (339KB, 2715ms)
OK   ad-agency_414 (343KB, 2843ms)
OK   digital-media_414 (358KB, 2817ms)
OK   entertainment-sector-dashboard_414 (309KB, 2717ms)
OK   news-activist-shareholder-proposals-japan_414 (4966KB, 4718ms)
OK   home_768 (1737KB, 4556ms)
OK   team_768 (834KB, 3319ms)
OK   news_768 (1234KB, 3294ms)
OK   privacy_768 (495KB, 2913ms)
OK   activist-dashboard_768 (1982KB, 4761ms)
OK   risk-assessment_768 (786KB, 2970ms)
OK   activist-screener_768 (578KB, 2863ms)
OK   food-service_768 (592KB, 2977ms)
OK   saas_768 (447KB, 2953ms)
OK   ad-agency_768 (451KB, 3226ms)
OK   digital-media_768 (454KB, 2877ms)
OK   entertainment-sector-dashboard_768 (371KB, 2698ms)
OK   news-activist-shareholder-proposals-japan_768 (4806KB, 5121ms)
