=== DRY-RUN START 09:51:43 ===
--- [1/4] LH MOBILE ---
    at Launcher.kill (file:///C:/Users/jun-m/AppData/Local/npm-cache/_npx/0f94ee7615faf582/node_modules/chrome-launcher/dist/chrome-launcher.js:349:14)
    at Object.kill (file:///C:/Users/jun-m/AppData/Local/npm-cache/_npx/0f94ee7615faf582/node_modules/chrome-launcher/dist/chrome-launcher.js:39:18)
    at runLighthouse (file:///C:/Users/jun-m/AppData/Local/npm-cache/_npx/0f94ee7615faf582/node_modules/lighthouse/cli/run.js:217:21)
    at async file:///C:/Users/jun-m/AppData/Local/npm-cache/_npx/0f94ee7615faf582/node_modules/lighthouse/cli/index.js:10:1

real	0m27.197s
user	0m0.197s
sys	0m0.214s
--- [2/4] LH DESKTOP ---
    at Launcher.kill (file:///C:/Users/jun-m/AppData/Local/npm-cache/_npx/0f94ee7615faf582/node_modules/chrome-launcher/dist/chrome-launcher.js:349:14)
    at Object.kill (file:///C:/Users/jun-m/AppData/Local/npm-cache/_npx/0f94ee7615faf582/node_modules/chrome-launcher/dist/chrome-launcher.js:39:18)
    at runLighthouse (file:///C:/Users/jun-m/AppData/Local/npm-cache/_npx/0f94ee7615faf582/node_modules/lighthouse/cli/run.js:217:21)
    at async file:///C:/Users/jun-m/AppData/Local/npm-cache/_npx/0f94ee7615faf582/node_modules/lighthouse/cli/index.js:10:1

real	0m19.971s
user	0m0.275s
sys	0m0.183s
--- [3/4] LH TAP-TARGETS ---
    at Launcher.kill (file:///C:/Users/jun-m/AppData/Local/npm-cache/_npx/0f94ee7615faf582/node_modules/chrome-launcher/dist/chrome-launcher.js:349:14)
    at Object.kill (file:///C:/Users/jun-m/AppData/Local/npm-cache/_npx/0f94ee7615faf582/node_modules/chrome-launcher/dist/chrome-launcher.js:39:18)
    at runLighthouse (file:///C:/Users/jun-m/AppData/Local/npm-cache/_npx/0f94ee7615faf582/node_modules/lighthouse/cli/run.js:217:21)
    at async file:///C:/Users/jun-m/AppData/Local/npm-cache/_npx/0f94ee7615faf582/node_modules/lighthouse/cli/index.js:10:1

real	0m16.398s
user	0m0.151s
sys	0m0.166s
--- [4/4] AXE ---
Saved file at C:\Users\jun-m\aoyama-nogizaka_public\audits\20260505\axe-home.json 

[3mPlease note that only 20% to 50% of all accessibility issues can automatically be detected. [23m
[3mManual testing is always required. For more information see:[23m
[3m[4m[34mhttps://dequeuniversity.com/class/testing[39m[24m[23m
[3m[23m

real	0m10.175s
user	0m0.090s
sys	0m0.137s
=== DRY-RUN END 09:52:58 ===
