=== PLAYWRIGHT 44x44 START 22:33:16 ===
Measuring https://aoyama-nogizaka.com/ ... 1 violations
Measuring https://aoyama-nogizaka.com/team ... 1 violations
Measuring https://aoyama-nogizaka.com/privacy ... 1 violations
Measuring https://aoyama-nogizaka.com/news/ ... 6 violations
Measuring https://aoyama-nogizaka.com/activist-dashboard.html ... 2 violations
Measuring https://aoyama-nogizaka.com/risk-assessment.html ... 1 violations
Measuring https://aoyama-nogizaka.com/activist-screener.html ... 2 violations
Measuring https://aoyama-nogizaka.com/food-service.html ... 2 violations
Measuring https://aoyama-nogizaka.com/saas.html ... 1 violations
Measuring https://aoyama-nogizaka.com/ad-agency.html ... 1 violations
Measuring https://aoyama-nogizaka.com/digital-media.html ... 1 violations
Measuring https://aoyama-nogizaka.com/entertainment-sector-dashboard.html ... 1 violations
Measuring https://aoyama-nogizaka.com/news/activist-shareholder-proposals-japan.html ... 55 violations
WROTE: C:\Users\jun-m\aoyama-nogizaka_public\audits\20260505\tap-targets-44x44-home.json (1 violations)
WROTE: C:\Users\jun-m\aoyama-nogizaka_public\audits\20260505\tap-targets-44x44-team.json (1 violations)
WROTE: C:\Users\jun-m\aoyama-nogizaka_public\audits\20260505\tap-targets-44x44-privacy.json (1 violations)
WROTE: C:\Users\jun-m\aoyama-nogizaka_public\audits\20260505\tap-targets-44x44-news.json (6 violations)
WROTE: C:\Users\jun-m\aoyama-nogizaka_public\audits\20260505\tap-targets-44x44-activist-dashboard.json (2 violations)
WROTE: C:\Users\jun-m\aoyama-nogizaka_public\audits\20260505\tap-targets-44x44-risk-assessment.json (1 violations)
WROTE: C:\Users\jun-m\aoyama-nogizaka_public\audits\20260505\tap-targets-44x44-activist-screener.json (2 violations)
WROTE: C:\Users\jun-m\aoyama-nogizaka_public\audits\20260505\tap-targets-44x44-food-service.json (2 violations)
WROTE: C:\Users\jun-m\aoyama-nogizaka_public\audits\20260505\tap-targets-44x44-saas.json (1 violations)
WROTE: C:\Users\jun-m\aoyama-nogizaka_public\audits\20260505\tap-targets-44x44-ad-agency.json (1 violations)
WROTE: C:\Users\jun-m\aoyama-nogizaka_public\audits\20260505\tap-targets-44x44-digital-media.json (1 violations)
WROTE: C:\Users\jun-m\aoyama-nogizaka_public\audits\20260505\tap-targets-44x44-entertainment-sector-dashboard.json (1 violations)
WROTE: C:\Users\jun-m\aoyama-nogizaka_public\audits\20260505\tap-targets-44x44-news-activist-shareholder-proposals-japan.json (55 violations)

TOTAL violations across 13 pages: 75

real	0m52.895s
user	0m0.015s
sys	0m0.015s
=== PLAYWRIGHT 44x44 END 22:34:09 ===
